npm error code ENOENT
npm error syscall open
npm error path /home/user/fintrax/package.json
npm error errno -2
npm error enoent Could not read package.json: Error: ENOENT: no such file or directory, open '/home/user/fintrax/package.json'
npm error enoent This is related to npm not being able to find a file.
npm error enoent
npm error A complete log of this run can be found in: /root/.npm/_logs/2025-11-15T05_20_05_345Z-debug-0.log
